Archive member included to satisfy reference by file (symbol)

d:/stm32cubeide_1.7.0/stm32cubeide/plugins/com.st.stm32cube.ide.mcu.externaltools.gnu-tools-for-stm32.10.3-2021.10.win32_1.0.0.202111181127/tools/bin/../lib/gcc/arm-none-eabi/10.3.1/../../../../arm-none-eabi/lib/thumb/v7-m/nofp\libc_nano.a(lib_a-errno.o)
                              ./Core/Src/syscalls.o (__errno)
d:/stm32cubeide_1.7.0/stm32cubeide/plugins/com.st.stm32cube.ide.mcu.externaltools.gnu-tools-for-stm32.10.3-2021.10.win32_1.0.0.202111181127/tools/bin/../lib/gcc/arm-none-eabi/10.3.1/../../../../arm-none-eabi/lib/thumb/v7-m/nofp\libc_nano.a(lib_a-exit.o)
                              d:/stm32cubeide_1.7.0/stm32cubeide/plugins/com.st.stm32cube.ide.mcu.externaltools.gnu-tools-for-stm32.10.3-2021.10.win32_1.0.0.202111181127/tools/bin/../lib/gcc/arm-none-eabi/10.3.1/../../../../arm-none-eabi/lib/thumb/v7-m/nofp/crt0.o (exit)
d:/stm32cubeide_1.7.0/stm32cubeide/plugins/com.st.stm32cube.ide.mcu.externaltools.gnu-tools-for-stm32.10.3-2021.10.win32_1.0.0.202111181127/tools/bin/../lib/gcc/arm-none-eabi/10.3.1/../../../../arm-none-eabi/lib/thumb/v7-m/nofp\libc_nano.a(lib_a-impure.o)
                              d:/stm32cubeide_1.7.0/stm32cubeide/plugins/com.st.stm32cube.ide.mcu.externaltools.gnu-tools-for-stm32.10.3-2021.10.win32_1.0.0.202111181127/tools/bin/../lib/gcc/arm-none-eabi/10.3.1/../../../../arm-none-eabi/lib/thumb/v7-m/nofp\libc_nano.a(lib_a-exit.o) (_global_impure_ptr)
d:/stm32cubeide_1.7.0/stm32cubeide/plugins/com.st.stm32cube.ide.mcu.externaltools.gnu-tools-for-stm32.10.3-2021.10.win32_1.0.0.202111181127/tools/bin/../lib/gcc/arm-none-eabi/10.3.1/../../../../arm-none-eabi/lib/thumb/v7-m/nofp\libc_nano.a(lib_a-init.o)
                              d:/stm32cubeide_1.7.0/stm32cubeide/plugins/com.st.stm32cube.ide.mcu.externaltools.gnu-tools-for-stm32.10.3-2021.10.win32_1.0.0.202111181127/tools/bin/../lib/gcc/arm-none-eabi/10.3.1/../../../../arm-none-eabi/lib/thumb/v7-m/nofp/crt0.o (__libc_init_array)
d:/stm32cubeide_1.7.0/stm32cubeide/plugins/com.st.stm32cube.ide.mcu.externaltools.gnu-tools-for-stm32.10.3-2021.10.win32_1.0.0.202111181127/tools/bin/../lib/gcc/arm-none-eabi/10.3.1/../../../../arm-none-eabi/lib/thumb/v7-m/nofp\libc_nano.a(lib_a-memset.o)
                              d:/stm32cubeide_1.7.0/stm32cubeide/plugins/com.st.stm32cube.ide.mcu.externaltools.gnu-tools-for-stm32.10.3-2021.10.win32_1.0.0.202111181127/tools/bin/../lib/gcc/arm-none-eabi/10.3.1/../../../../arm-none-eabi/lib/thumb/v7-m/nofp/crt0.o (memset)

Discarded input sections

 .text          0x0000000000000000        0x0 d:/stm32cubeide_1.7.0/stm32cubeide/plugins/com.st.stm32cube.ide.mcu.externaltools.gnu-tools-for-stm32.10.3-2021.10.win32_1.0.0.202111181127/tools/bin/../lib/gcc/arm-none-eabi/10.3.1/thumb/v7-m/nofp/crti.o
 .data          0x0000000000000000        0x0 d:/stm32cubeide_1.7.0/stm32cubeide/plugins/com.st.stm32cube.ide.mcu.externaltools.gnu-tools-for-stm32.10.3-2021.10.win32_1.0.0.202111181127/tools/bin/../lib/gcc/arm-none-eabi/10.3.1/thumb/v7-m/nofp/crti.o
 .bss           0x0000000000000000        0x0 d:/stm32cubeide_1.7.0/stm32cubeide/plugins/com.st.stm32cube.ide.mcu.externaltools.gnu-tools-for-stm32.10.3-2021.10.win32_1.0.0.202111181127/tools/bin/../lib/gcc/arm-none-eabi/10.3.1/thumb/v7-m/nofp/crti.o
 .data          0x0000000000000000        0x4 d:/stm32cubeide_1.7.0/stm32cubeide/plugins/com.st.stm32cube.ide.mcu.externaltools.gnu-tools-for-stm32.10.3-2021.10.win32_1.0.0.202111181127/tools/bin/../lib/gcc/arm-none-eabi/10.3.1/thumb/v7-m/nofp/crtbegin.o
 .rodata        0x0000000000000000       0x24 d:/stm32cubeide_1.7.0/stm32cubeide/plugins/com.st.stm32cube.ide.mcu.externaltools.gnu-tools-for-stm32.10.3-2021.10.win32_1.0.0.202111181127/tools/bin/../lib/gcc/arm-none-eabi/10.3.1/thumb/v7-m/nofp/crtbegin.o
 .text          0x0000000000000000       0x7c d:/stm32cubeide_1.7.0/stm32cubeide/plugins/com.st.stm32cube.ide.mcu.externaltools.gnu-tools-for-stm32.10.3-2021.10.win32_1.0.0.202111181127/tools/bin/../lib/gcc/arm-none-eabi/10.3.1/../../../../arm-none-eabi/lib/thumb/v7-m/nofp/crt0.o
 .data          0x0000000000000000        0x0 d:/stm32cubeide_1.7.0/stm32cubeide/plugins/com.st.stm32cube.ide.mcu.externaltools.gnu-tools-for-stm32.10.3-2021.10.win32_1.0.0.202111181127/tools/bin/../lib/gcc/arm-none-eabi/10.3.1/../../../../arm-none-eabi/lib/thumb/v7-m/nofp/crt0.o
 .bss           0x0000000000000000        0x0 d:/stm32cubeide_1.7.0/stm32cubeide/plugins/com.st.stm32cube.ide.mcu.externaltools.gnu-tools-for-stm32.10.3-2021.10.win32_1.0.0.202111181127/tools/bin/../lib/gcc/arm-none-eabi/10.3.1/../../../../arm-none-eabi/lib/thumb/v7-m/nofp/crt0.o
 .ARM.extab     0x0000000000000000        0x0 d:/stm32cubeide_1.7.0/stm32cubeide/plugins/com.st.stm32cube.ide.mcu.externaltools.gnu-tools-for-stm32.10.3-2021.10.win32_1.0.0.202111181127/tools/bin/../lib/gcc/arm-none-eabi/10.3.1/../../../../arm-none-eabi/lib/thumb/v7-m/nofp/crt0.o
[...]
Memory Configuration

Name             Origin             Length             Attributes
RAM              0x0000000020000000 0x0000000000005000 xrw
FLASH            0x0000000008000000 0x0000000000020000 xr
*default*        0x0000000000000000 0xffffffffffffffff

Linker script and memory map

LOAD d:/stm32cubeide_1.7.0/stm32cubeide/plugins/com.st.stm32cube.ide.mcu.externaltools.gnu-tools-for-stm32.10.3-2021.10.win32_1.0.0.202111181127/tools/bin/../lib/gcc/arm-none-eabi/10.3.1/thumb/v7-m/nofp/crti.o
LOAD d:/stm32cubeide_1.7.0/stm32cubeide/plugins/com.st.stm32cube.ide.mcu.externaltools.gnu-tools-for-stm32.10.3-2021.10.win32_1.0.0.202111181127/tools/bin/../lib/gcc/arm-none-eabi/10.3.1/thumb/v7-m/nofp/crtbegin.o
LOAD d:/stm32cubeide_1.7.0/stm32cubeide/plugins/com.st.stm32cube.ide.mcu.externaltools.gnu-tools-for-stm32.10.3-2021.10.win32_1.0.0.202111181127/tools/bin/../lib/gcc/arm-none-eabi/10.3.1/../../../../arm-none-eabi/lib/thumb/v7-m/nofp/crt0.o
LOAD ./Core/Src/button.o
LOAD ./Core/Src/fsm_automatic.o
LOAD ./Core/Src/fsm_manual.o
LOAD ./Core/Src/global.o
LOAD ./Core/Src/led_color.o
LOAD ./Core/Src/main.o
LOAD ./Core/Src/software_timer.o
LOAD ./Core/Src/stm32f1xx_hal_msp.o
LOAD ./Core/Src/stm32f1xx_it.o
LOAD ./Core/Src/syscalls.o
LOAD ./Core/Src/sysmem.o
LOAD ./Core/Src/system_stm32f1xx.o
LOAD ./Core/Startup/startup_stm32f103rbtx.o
LOAD ./Drivers/STM32F1xx_HAL_Driver/Src/stm32f1xx_hal.o
LOAD ./Drivers/STM32F1xx_HAL_Driver/Src/stm32f1xx_hal_cortex.o
LOAD ./Drivers/STM32F1xx_HAL_Driver/Src/stm32f1xx_hal_dma.o
LOAD ./Drivers/STM32F1xx_HAL_Driver/Src/stm32f1xx_hal_exti.o
LOAD ./Drivers/STM32F1xx_HAL_Driver/Src/stm32f1xx_hal_flash.o
LOAD ./Drivers/STM32F1xx_HAL_Driver/Src/stm32f1xx_hal_flash_ex.o
LOAD ./Drivers/STM32F1xx_HAL_Driver/Src/stm32f1xx_hal_gpio.o
LOAD ./Drivers/STM32F1xx_HAL_Driver/Src/stm32f1xx_hal_gpio_ex.o
LOAD ./Drivers/STM32F1xx_HAL_Driver/Src/stm32f1xx_hal_pwr.o
LOAD ./Drivers/STM32F1xx_HAL_Driver/Src/stm32f1xx_hal_rcc.o
LOAD ./Drivers/STM32F1xx_HAL_Driver/Src/stm32f1xx_hal_rcc_ex.o
LOAD ./Drivers/STM32F1xx_HAL_Driver/Src/stm32f1xx_hal_tim.o
LOAD ./Drivers/STM32F1xx_HAL_Driver/Src/stm32f1xx_hal_tim_ex.o
START GROUP
LOAD d:/stm32cubeide_1.7.0/stm32cubeide/plugins/com.st.stm32cube.ide.mcu.externaltools.gnu-tools-for-stm32.10.3-2021.10.win32_1.0.0.202111181127/tools/bin/../lib/gcc/arm-none-eabi/10.3.1/../../../../arm-none-eabi/lib/thumb/v7-m/nofp\libc_nano.a
LOAD d:/stm32cubeide_1.7.0/stm32cubeide/plugins/com.st.stm32cube.ide.mcu.externaltools.gnu-tools-for-stm32.10.3-2021.10.win32_1.0.0.202111181127/tools/bin/../lib/gcc/arm-none-eabi/10.3.1/../../../../arm-none-eabi/lib/thumb/v7-m/nofp\libm.a
END GROUP
START GROUP
LOAD d:/stm32cubeide_1.7.0/stm32cubeide/plugins/com.st.stm32cube.ide.mcu.externaltools.gnu-tools-for-stm32.10.3-2021.10.win32_1.0.0.202111181127/tools/bin/../lib/gcc/arm-none-eabi/10.3.1/thumb/v7-m/nofp\libgcc.a
LOAD d:/stm32cubeide_1.7.0/stm32cubeide/plugins/com.st.stm32cube.ide.mcu.externaltools.gnu-tools-for-stm32.10.3-2021.10.win32_1.0.0.202111181127/tools/bin/../lib/gcc/arm-none-eabi/10.3.1/../../../../arm-none-eabi/lib/thumb/v7-m/nofp\libc_nano.a
END GROUP
START GROUP
LOAD d:/stm32cubeide_1.7.0/stm32cubeide/plugins/com.st.stm32cube.ide.mcu.externaltools.gnu-tools-for-stm32.10.3-2021.10.win32_1.0.0.202111181127/tools/bin/../lib/gcc/arm-none-eabi/10.3.1/thumb/v7-m/nofp\libgcc.a
LOAD d:/stm32cubeide_1.7.0/stm32cubeide/plugins/com.st.stm32cube.ide.mcu.externaltools.gnu-tools-for-stm32.10.3-2021.10.win32_1.0.0.202111181127/tools/bin/../lib/gcc/arm-none-eabi/10.3.1/../../../../arm-none-eabi/lib/thumb/v7-m/nofp\libc_nano.a
LOAD d:/stm32cubeide_1.7.0/stm32cubeide/plugins/com.st.stm32cube.ide.mcu.externaltools.gnu-tools-for-stm32.10.3-2021.10.win32_1.0.0.202111181127/tools/bin/../lib/gcc/arm-none-eabi/10.3.1/../../../../arm-none-eabi/lib/thumb/v7-m/nofp\libnosys.a
END GROUP
START GROUP
LOAD d:/stm32cubeide_1.7.0/stm32cubeide/plugins/com.st.stm32cube.ide.mcu.externaltools.gnu-tools-for-stm32.10.3-2021.10.win32_1.0.0.202111181127/tools/bin/../lib/gcc/arm-none-eabi/10.3.1/thumb/v7-m/nofp\libgcc.a
LOAD d:/stm32cubeide_1.7.0/stm32cubeide/plugins/com.st.stm32cube.ide.mcu.externaltools.gnu-tools-for-stm32.10.3-2021.10.win32_1.0.0.202111181127/tools/bin/../lib/gcc/arm-none-eabi/10.3.1/../../../../arm-none-eabi/lib/thumb/v7-m/nofp\libc_nano.a
LOAD d:/stm32cubeide_1.7.0/stm32cubeide/plugins/com.st.stm32cube.ide.mcu.externaltools.gnu-tools-for-stm32.10.3-2021.10.win32_1.0.0.202111181127/tools/bin/../lib/gcc/arm-none-eabi/10.3.1/../../../../arm-none-eabi/lib/thumb/v7-m/nofp\libnosys.a
END GROUP
LOAD d:/stm32cubeide_1.7.0/stm32cubeide/plugins/com.st.stm32cube.ide.mcu.externaltools.gnu-tools-for-stm32.10.3-2021.10.win32_1.0.0.202111181127/tools/bin/../lib/gcc/arm-none-eabi/10.3.1/thumb/v7-m/nofp/crtend.o
LOAD d:/stm32cubeide_1.7.0/stm32cubeide/plugins/com.st.stm32cube.ide.mcu.externaltools.gnu-tools-for-stm32.10.3-2021.10.win32_1.0.0.202111181127/tools/bin/../lib/gcc/arm-none-eabi/10.3.1/thumb/v7-m/nofp/crtn.o
                0x0000000020005000                _estack = (ORIGIN (RAM) + LENGTH (RAM))
                0x0000000000000200                _Min_Heap_Size = 0x200
                0x0000000000000400                _Min_Stack_Size = 0x400

.isr_vector     0x0000000008000000      0x10c
                0x0000000008000000                . = ALIGN (0x4)
 *(.isr_vector)
 .isr_vector    0x0000000008000000      0x10c ./Core/Startup/startup_stm32f103rbtx.o
                0x0000000008000000                g_pfnVectors
                0x000000000800010c                . = ALIGN (0x4)

.text           0x000000000800010c     0x2d74
                0x000000000800010c                . = ALIGN (0x4)
 *(.text)
 .text          0x000000000800010c       0x40 d:/stm32cubeide_1.7.0/stm32cubeide/plugins/com.st.stm32cube.ide.mcu.externaltools.gnu-tools-for-stm32.10.3-2021.10.win32_1.0.0.202111181127/tools/bin/../lib/gcc/arm-none-eabi/10.3.1/thumb/v7-m/nofp/crtbegin.o
 *(.text*)
 .text.isButtonPressed
                0x000000000800014c       0x3c ./Core/Src/button.o
                0x000000000800014c                isButtonPressed
 .text.getKeyInput
                0x0000000008000188      0x198 ./Core/Src/button.o
                0x0000000008000188                getKeyInput
 .text.checkbutton
                0x0000000008000320       0x28 ./Core/Src/fsm_automatic.o
                0x0000000008000320                checkbutton
 .text.fsm_automatic_run1
                0x0000000008000348      0x140 ./Core/Src/fsm_automatic.o
                0x0000000008000348                fsm_automatic_run1
 .text.fsm_automatic_run2
                0x0000000008000488       0xe0 ./Core/Src/fsm_automatic.o
                0x0000000008000488                fsm_automatic_run2
 .text.checkbutton2
                0x0000000008000568       0x28 ./Core/Src/fsm_manual.o
                0x0000000008000568                checkbutton2
 .text.checkbutton3
                0x0000000008000590       0x28 ./Core/Src/fsm_manual.o
                0x0000000008000590                checkbutton3
 .text.fsm_manual_run
                0x00000000080005b8       0x80 ./Core/Src/fsm_manual.o
                0x00000000080005b8                fsm_manual_run
 .text.fsm_setTime_run
                0x0000000008000638      0x228 ./Core/Src/fsm_manual.o
                0x0000000008000638                fsm_setTime_run
 .text.setLed1  0x0000000008000860       0xe4 ./Core/Src/led_color.o
                0x0000000008000860                setLed1
 .text.setLed2  0x0000000008000944       0xd4 ./Core/Src/led_color.o
                0x0000000008000944                setLed2
 .text.setLed_Pedes
                0x0000000008000a18       0x80 ./Core/Src/led_color.o
                0x0000000008000a18                setLed_Pedes
 .text.buzzer   0x0000000008000a98        0xc ./Core/Src/main.o
                0x0000000008000a98                buzzer
 .text.main     0x0000000008000aa4       0x40 ./Core/Src/main.o
                0x0000000008000aa4                main
 .text.SystemClock_Config
                0x0000000008000ae4       0x82 ./Core/Src/main.o
                0x0000000008000ae4                SystemClock_Config
 *fill*         0x0000000008000b66        0x2 
 .text.MX_TIM2_Init
                0x0000000008000b68       0x98 ./Core/Src/main.o
 .text.MX_TIM3_Init
                0x0000000008000c00       0xec ./Core/Src/main.o
 .text.MX_GPIO_Init
                0x0000000008000cec       0xdc ./Core/Src/main.o
 .text.HAL_TIM_PeriodElapsedCallback
                0x0000000008000dc8       0x18 ./Core/Src/main.o
                0x0000000008000dc8                HAL_TIM_PeriodElapsedCallback
 .text.Error_Handler
                0x0000000008000de0        0xa ./Core/Src/main.o
                0x0000000008000de0                Error_Handler
 *fill*         0x0000000008000dea        0x2 
 .text.setTimer1
                0x0000000008000dec       0x38 ./Core/Src/software_timer.o
                0x0000000008000dec                setTimer1
 .text.setTimer2
                0x0000000008000e24       0x38 ./Core/Src/software_timer.o
                0x0000000008000e24                setTimer2
 .text.setTimer3
                0x0000000008000e5c       0x38 ./Core/Src/software_timer.o
                0x0000000008000e5c                setTimer3
 .text.timerRun
                0x0000000008000e94       0x84 ./Core/Src/software_timer.o
                0x0000000008000e94                timerRun
 .text.HAL_MspInit
                0x0000000008000f18       0x64 ./Core/Src/stm32f1xx_hal_msp.o
                0x0000000008000f18                HAL_MspInit
 .text.HAL_TIM_Base_MspInit
                0x0000000008000f7c       0x70 ./Core/Src/stm32f1xx_hal_msp.o
                0x0000000008000f7c                HAL_TIM_Base_MspInit
 .text.HAL_TIM_MspPostInit
                0x0000000008000fec       0x64 ./Core/Src/stm32f1xx_hal_msp.o
                0x0000000008000fec                HAL_TIM_MspPostInit
 .text.NMI_Handler
                0x0000000008001050        0x6 ./Core/Src/stm32f1xx_it.o
                0x0000000008001050                NMI_Handler
 .text.HardFault_Handler
                0x0000000008001056        0x6 ./Core/Src/stm32f1xx_it.o
                0x0000000008001056                HardFault_Handler
 .text.MemManage_Handler
                0x000000000800105c        0x6 ./Core/Src/stm32f1xx_it.o
                0x000000000800105c                MemManage_Handler
 .text.BusFault_Handler
                0x0000000008001062        0x6 ./Core/Src/stm32f1xx_it.o
                0x0000000008001062                BusFault_Handler
 .text.UsageFault_Handler
                0x0000000008001068        0x6 ./Core/Src/stm32f1xx_it.o
                0x0000000008001068                UsageFault_Handler
 .text.SVC_Handler
                0x000000000800106e        0xc ./Core/Src/stm32f1xx_it.o
                0x000000000800106e                SVC_Handler
 .text.DebugMon_Handler
                0x000000000800107a        0xc ./Core/Src/stm32f1xx_it.o
                0x000000000800107a                DebugMon_Handler
 .text.PendSV_Handler
                0x0000000008001086        0xc ./Core/Src/stm32f1xx_it.o
                0x0000000008001086                PendSV_Handler
 .text.SysTick_Handler
                0x0000000008001092        0xc ./Core/Src/stm32f1xx_it.o
                0x0000000008001092                SysTick_Handler
 *fill*         0x000000000800109e        0x2 
 .text.TIM2_IRQHandler
                0x00000000080010a0       0x14 ./Core/Src/stm32f1xx_it.o
                0x00000000080010a0                TIM2_IRQHandler
 .text.SystemInit
                0x00000000080010b4        0xc ./Core/Src/system_stm32f1xx.o
                0x00000000080010b4                SystemInit
 .text.Reset_Handler
                0x00000000080010c0       0x48 ./Core/Startup/startup_stm32f103rbtx.o
                0x00000000080010c0                Reset_Handler
 .text.Default_Handler
                0x0000000008001108        0x2 ./Core/Startup/startup_stm32f103rbtx.o
                0x0000000008001108                RTC_Alarm_IRQHandler
                0x0000000008001108                EXTI2_IRQHandler
                0x0000000008001108                TIM1_CC_IRQHandler
                0x0000000008001108                PVD_IRQHandler
                0x0000000008001108                EXTI3_IRQHandler
                0x0000000008001108                EXTI0_IRQHandler
                0x0000000008001108                I2C2_EV_IRQHandler
                0x0000000008001108                ADC1_2_IRQHandler
                0x0000000008001108                SPI1_IRQHandler
                0x0000000008001108                TAMPER_IRQHandler
                0x0000000008001108                DMA1_Channel4_IRQHandler
                0x0000000008001108                USART3_IRQHandler
                0x0000000008001108                RTC_IRQHandler
                0x0000000008001108                DMA1_Channel7_IRQHandler
                0x0000000008001108                CAN1_RX1_IRQHandler
                0x0000000008001108                TIM4_IRQHandler
                0x0000000008001108                I2C1_EV_IRQHandler
                0x0000000008001108                DMA1_Channel6_IRQHandler
                0x0000000008001108                TIM3_IRQHandler
                0x0000000008001108                RCC_IRQHandler
                0x0000000008001108                TIM1_TRG_COM_IRQHandler
                0x0000000008001108                DMA1_Channel1_IRQHandler
                0x0000000008001108                Default_Handler
                0x0000000008001108                EXTI15_10_IRQHandler
                0x0000000008001108                EXTI9_5_IRQHandler
                0x0000000008001108                SPI2_IRQHandler
                0x0000000008001108                DMA1_Channel5_IRQHandler
                0x0000000008001108                EXTI4_IRQHandler
                0x0000000008001108                USB_LP_CAN1_RX0_IRQHandler
                0x0000000008001108                USB_HP_CAN1_TX_IRQHandler
                0x0000000008001108                DMA1_Channel3_IRQHandler
                0x0000000008001108                TIM1_UP_IRQHandler
                0x0000000008001108                WWDG_IRQHandler
                0x0000000008001108                TIM1_BRK_IRQHandler
                0x0000000008001108                EXTI1_IRQHandler
                0x0000000008001108                USART2_IRQHandler
                0x0000000008001108                I2C2_ER_IRQHandler
                0x0000000008001108                DMA1_Channel2_IRQHandler
                0x0000000008001108                CAN1_SCE_IRQHandler
                0x0000000008001108                FLASH_IRQHandler
                0x0000000008001108                USART1_IRQHandler
                0x0000000008001108                I2C1_ER_IRQHandler
                0x0000000008001108                USBWakeUp_IRQHandler
 *fill*         0x000000000800110a        0x2 
 .text.HAL_Init
                0x000000000800110c       0x2c ./Drivers/STM32F1xx_HAL_Driver/Src/stm32f1xx_hal.o
                0x000000000800110c                HAL_Init
 .text.HAL_InitTick
                0x0000000008001138       0x60 ./Drivers/STM32F1xx_HAL_Driver/Src/stm32f1xx_hal.o
                0x0000000008001138                HAL_InitTick
 .text.HAL_IncTick
                0x0000000008001198       0x24 ./Drivers/STM32F1xx_HAL_Driver/Src/stm32f1xx_hal.o
                0x0000000008001198                HAL_IncTick
 .text.HAL_GetTick
                0x00000000080011bc       0x14 ./Drivers/STM32F1xx_HAL_Driver/Src/stm32f1xx_hal.o
                0x00000000080011bc                HAL_GetTick
 .text.__NVIC_SetPriorityGrouping
                0x00000000080011d0       0x48 ./Drivers/STM32F1xx_HAL_Driver/Src/stm32f1xx_hal_cortex.o
 .text.__NVIC_GetPriorityGrouping
                0x0000000008001218       0x1c ./Drivers/STM32F1xx_HAL_Driver/Src/stm32f1xx_hal_cortex.o
 .text.__NVIC_EnableIRQ
                0x0000000008001234       0x38 ./Drivers/STM32F1xx_HAL_Driver/Src/stm32f1xx_hal_cortex.o
 .text.__NVIC_SetPriority
                0x000000000800126c       0x54 ./Drivers/STM32F1xx_HAL_Driver/Src/stm32f1xx_hal_cortex.o
 .text.NVIC_EncodePriority
                0x00000000080012c0       0x64 ./Drivers/STM32F1xx_HAL_Driver/Src/stm32f1xx_hal_cortex.o
 .text.SysTick_Config
                0x0000000008001324       0x44 ./Drivers/STM32F1xx_HAL_Driver/Src/stm32f1xx_hal_cortex.o
 .text.HAL_NVIC_SetPriorityGrouping
                0x0000000008001368       0x16 ./Drivers/STM32F1xx_HAL_Driver/Src/stm32f1xx_hal_cortex.o
                0x0000000008001368                HAL_NVIC_SetPriorityGrouping
 .text.HAL_NVIC_SetPriority
                0x000000000800137e       0x38 ./Drivers/STM32F1xx_HAL_Driver/Src/stm32f1xx_hal_cortex.o
                0x000000000800137e                HAL_NVIC_SetPriority
 .text.HAL_NVIC_EnableIRQ
                0x00000000080013b6       0x1c ./Drivers/STM32F1xx_HAL_Driver/Src/stm32f1xx_hal_cortex.o
                0x00000000080013b6                HAL_NVIC_EnableIRQ
 .text.HAL_SYSTICK_Config
                0x00000000080013d2       0x18 ./Drivers/STM32F1xx_HAL_Driver/Src/stm32f1xx_hal_cortex.o
                0x00000000080013d2                HAL_SYSTICK_Config
 *fill*         0x00000000080013ea        0x2 
 .text.HAL_GPIO_Init
                0x00000000080013ec      0x308 ./Drivers/STM32F1xx_HAL_Driver/Src/stm32f1xx_hal_gpio.o
                0x00000000080013ec                HAL_GPIO_Init
 .text.HAL_GPIO_ReadPin
                0x00000000080016f4       0x2e ./Drivers/STM32F1xx_HAL_Driver/Src/stm32f1xx_hal_gpio.o
                0x00000000080016f4                HAL_GPIO_ReadPin
 .text.HAL_GPIO_WritePin
                0x0000000008001722       0x30 ./Drivers/STM32F1xx_HAL_Driver/Src/stm32f1xx_hal_gpio.o
                0x0000000008001722                HAL_GPIO_WritePin
 .text.HAL_GPIO_TogglePin
                0x0000000008001752       0x32 ./Drivers/STM32F1xx_HAL_Driver/Src/stm32f1xx_hal_gpio.o
                0x0000000008001752                HAL_GPIO_TogglePin
 .text.HAL_RCC_OscConfig
                0x0000000008001784      0x504 ./Drivers/STM32F1xx_HAL_Driver/Src/stm32f1xx_hal_rcc.o
                0x0000000008001784                HAL_RCC_OscConfig
 .text.HAL_RCC_ClockConfig
                0x0000000008001c88      0x1d4 ./Drivers/STM32F1xx_HAL_Driver/Src/stm32f1xx_hal_rcc.o
                0x0000000008001c88                HAL_RCC_ClockConfig
 .text.HAL_RCC_GetSysClockFreq
                0x0000000008001e5c       0xbc ./Drivers/STM32F1xx_HAL_Driver/Src/stm32f1xx_hal_rcc.o
                0x0000000008001e5c                HAL_RCC_GetSysClockFreq
 .text.RCC_Delay
                0x0000000008001f18       0x3c ./Drivers/STM32F1xx_HAL_Driver/Src/stm32f1xx_hal_rcc.o
 .text.HAL_TIM_Base_Init
                0x0000000008001f54       0x9e ./Drivers/STM32F1xx_HAL_Driver/Src/stm32f1xx_hal_tim.o
                0x0000000008001f54                HAL_TIM_Base_Init
 *fill*         0x0000000008001ff2        0x2 
 .text.HAL_TIM_Base_Start_IT
                0x0000000008001ff4       0xa4 ./Drivers/STM32F1xx_HAL_Driver/Src/stm32f1xx_hal_tim.o
                0x0000000008001ff4                HAL_TIM_Base_Start_IT
 .text.HAL_TIM_PWM_Init
                0x0000000008002098       0x9e ./Drivers/STM32F1xx_HAL_Driver/Src/stm32f1xx_hal_tim.o
                0x0000000008002098                HAL_TIM_PWM_Init
 .text.HAL_TIM_PWM_MspInit
                0x0000000008002136       0x12 ./Drivers/STM32F1xx_HAL_Driver/Src/stm32f1xx_hal_tim.o
                0x0000000008002136                HAL_TIM_PWM_MspInit
 .text.HAL_TIM_PWM_Start
                0x0000000008002148      0x144 ./Drivers/STM32F1xx_HAL_Driver/Src/stm32f1xx_hal_tim.o
                0x0000000008002148                HAL_TIM_PWM_Start
 .text.HAL_TIM_IRQHandler
                0x000000000800228c      0x210 ./Drivers/STM32F1xx_HAL_Driver/Src/stm32f1xx_hal_tim.o
                0x000000000800228c                HAL_TIM_IRQHandler
 .text.HAL_TIM_PWM_ConfigChannel
                0x000000000800249c      0x17c ./Drivers/STM32F1xx_HAL_Driver/Src/stm32f1xx_hal_tim.o
                0x000000000800249c                HAL_TIM_PWM_ConfigChannel
 .text.HAL_TIM_ConfigClockSource
                0x0000000008002618      0x188 ./Drivers/STM32F1xx_HAL_Driver/Src/stm32f1xx_hal_tim.o
                0x0000000008002618                HAL_TIM_ConfigClockSource
 .text.HAL_TIM_OC_DelayElapsedCallback
                0x00000000080027a0       0x12 ./Drivers/STM32F1xx_HAL_Driver/Src/stm32f1xx_hal_tim.o
                0x00000000080027a0                HAL_TIM_OC_DelayElapsedCallback
 .text.HAL_TIM_IC_CaptureCallback
                0x00000000080027b2       0x12 ./Drivers/STM32F1xx_HAL_Driver/Src/stm32f1xx_hal_tim.o
                0x00000000080027b2                HAL_TIM_IC_CaptureCallback
 .text.HAL_TIM_PWM_PulseFinishedCallback
                0x00000000080027c4       0x12 ./Drivers/STM32F1xx_HAL_Driver/Src/stm32f1xx_hal_tim.o
                0x00000000080027c4                HAL_TIM_PWM_PulseFinishedCallback
 .text.HAL_TIM_TriggerCallback
                0x00000000080027d6       0x12 ./Drivers/STM32F1xx_HAL_Driver/Src/stm32f1xx_hal_tim.o
                0x00000000080027d6                HAL_TIM_TriggerCallback
 .text.TIM_Base_SetConfig
                0x00000000080027e8       0xc4 ./Drivers/STM32F1xx_HAL_Driver/Src/stm32f1xx_hal_tim.o
                0x00000000080027e8                TIM_Base_SetConfig
 .text.TIM_OC1_SetConfig
                0x00000000080028ac       0xcc ./Drivers/STM32F1xx_HAL_Driver/Src/stm32f1xx_hal_tim.o
 .text.TIM_OC2_SetConfig
                0x0000000008002978       0xd4 ./Drivers/STM32F1xx_HAL_Driver/Src/stm32f1xx_hal_tim.o
                0x0000000008002978                TIM_OC2_SetConfig
 .text.TIM_OC3_SetConfig
                0x0000000008002a4c       0xd4 ./Drivers/STM32F1xx_HAL_Driver/Src/stm32f1xx_hal_tim.o
 .text.TIM_OC4_SetConfig
                0x0000000008002b20       0x9c ./Drivers/STM32F1xx_HAL_Driver/Src/stm32f1xx_hal_tim.o
 .text.TIM_TI1_ConfigInputStage
                0x0000000008002bbc       0x5c ./Drivers/STM32F1xx_HAL_Driver/Src/stm32f1xx_hal_tim.o
 .text.TIM_TI2_ConfigInputStage
                0x0000000008002c18       0x5e ./Drivers/STM32F1xx_HAL_Driver/Src/stm32f1xx_hal_tim.o
 .text.TIM_ITRx_SetConfig
                0x0000000008002c76       0x34 ./Drivers/STM32F1xx_HAL_Driver/Src/stm32f1xx_hal_tim.o
 .text.TIM_ETR_SetConfig
                0x0000000008002caa       0x3e ./Drivers/STM32F1xx_HAL_Driver/Src/stm32f1xx_hal_tim.o
                0x0000000008002caa                TIM_ETR_SetConfig
 .text.TIM_CCxChannelCmd
                0x0000000008002ce8       0x48 ./Drivers/STM32F1xx_HAL_Driver/Src/stm32f1xx_hal_tim.o
                0x0000000008002ce8                TIM_CCxChannelCmd
 .text.HAL_TIMEx_MasterConfigSynchronization
                0x0000000008002d30       0xbc ./Drivers/STM32F1xx_HAL_Driver/Src/stm32f1xx_hal_tim_ex.o
                0x0000000008002d30                HAL_TIMEx_MasterConfigSynchronization
 .text.HAL_TIMEx_CommutCallback
                0x0000000008002dec       0x12 ./Drivers/STM32F1xx_HAL_Driver/Src/stm32f1xx_hal_tim_ex.o
                0x0000000008002dec                HAL_TIMEx_CommutCallback
 .text.HAL_TIMEx_BreakCallback
                0x0000000008002dfe       0x12 ./Drivers/STM32F1xx_HAL_Driver/Src/stm32f1xx_hal_tim_ex.o
                0x0000000008002dfe                HAL_TIMEx_BreakCallback
 .text.__libc_init_array
                0x0000000008002e10       0x48 d:/stm32cubeide_1.7.0/stm32cubeide/plugins/com.st.stm32cube.ide.mcu.externaltools.gnu-tools-for-stm32.10.3-2021.10.win32_1.0.0.202111181127/tools/bin/../lib/gcc/arm-none-eabi/10.3.1/../../../../arm-none-eabi/lib/thumb/v7-m/nofp\libc_nano.a(lib_a-init.o)
                0x0000000008002e10                __libc_init_array
 .text.memset   0x0000000008002e58       0x10 d:/stm32cubeide_1.7.0/stm32cubeide/plugins/com.st.stm32cube.ide.mcu.externaltools.gnu-tools-for-stm32.10.3-2021.10.win32_1.0.0.202111181127/tools/bin/../lib/gcc/arm-none-eabi/10.3.1/../../../../arm-none-eabi/lib/thumb/v7-m/nofp\libc_nano.a(lib_a-memset.o)
                0x0000000008002e58                memset
 *(.glue_7)
 .glue_7        0x0000000008002e68        0x0 linker stubs
 *(.glue_7t)
 .glue_7t       0x0000000008002e68        0x0 linker stubs
 *(.eh_frame)
 .eh_frame      0x0000000008002e68        0x0 d:/stm32cubeide_1.7.0/stm32cubeide/plugins/com.st.stm32cube.ide.mcu.externaltools.gnu-tools-for-stm32.10.3-2021.10.win32_1.0.0.202111181127/tools/bin/../lib/gcc/arm-none-eabi/10.3.1/thumb/v7-m/nofp/crtbegin.o
 *(.init)
 .init          0x0000000008002e68        0x4 d:/stm32cubeide_1.7.0/stm32cubeide/plugins/com.st.stm32cube.ide.mcu.externaltools.gnu-tools-for-stm32.10.3-2021.10.win32_1.0.0.202111181127/tools/bin/../lib/gcc/arm-none-eabi/10.3.1/thumb/v7-m/nofp/crti.o
                0x0000000008002e68                _init
 .init          0x0000000008002e6c        0x8 d:/stm32cubeide_1.7.0/stm32cubeide/plugins/com.st.stm32cube.ide.mcu.externaltools.gnu-tools-for-stm32.10.3-2021.10.win32_1.0.0.202111181127/tools/bin/../lib/gcc/arm-none-eabi/10.3.1/thumb/v7-m/nofp/crtn.o
 *(.fini)
 .fini          0x0000000008002e74        0x4 d:/stm32cubeide_1.7.0/stm32cubeide/plugins/com.st.stm32cube.ide.mcu.externaltools.gnu-tools-for-stm32.10.3-2021.10.win32_1.0.0.202111181127/tools/bin/../lib/gcc/arm-none-eabi/10.3.1/thumb/v7-m/nofp/crti.o
                0x0000000008002e74                _fini
 .fini          0x0000000008002e78        0x8 d:/stm32cubeide_1.7.0/stm32cubeide/plugins/com.st.stm32cube.ide.mcu.externaltools.gnu-tools-for-stm32.10.3-2021.10.win32_1.0.0.202111181127/tools/bin/../lib/gcc/arm-none-eabi/10.3.1/thumb/v7-m/nofp/crtn.o
                0x0000000008002e80                . = ALIGN (0x4)
                0x0000000008002e80                _etext = .

.vfp11_veneer   0x0000000008002e80        0x0
 .vfp11_veneer  0x0000000008002e80        0x0 linker stubs

.v4_bx          0x0000000008002e80        0x0
 .v4_bx         0x0000000008002e80        0x0 linker stubs

.iplt           0x0000000008002e80        0x0
 .iplt          0x0000000008002e80        0x0 d:/stm32cubeide_1.7.0/stm32cubeide/plugins/com.st.stm32cube.ide.mcu.externaltools.gnu-tools-for-stm32.10.3-2021.10.win32_1.0.0.202111181127/tools/bin/../lib/gcc/arm-none-eabi/10.3.1/thumb/v7-m/nofp/crtbegin.o

.rodata         0x0000000008002e80       0x20
                0x0000000008002e80                . = ALIGN (0x4)
 *(.rodata)
 .rodata        0x0000000008002e80       0x10 ./Drivers/STM32F1xx_HAL_Driver/Src/stm32f1xx_hal_rcc.o
 *(.rodata*)
 .rodata.AHBPrescTable
                0x0000000008002e90       0x10 ./Core/Src/system_stm32f1xx.o
                0x0000000008002e90                AHBPrescTable
                0x0000000008002ea0                . = ALIGN (0x4)

.rel.dyn        0x0000000008002ea0        0x0
 .rel.iplt      0x0000000008002ea0        0x0 d:/stm32cubeide_1.7.0/stm32cubeide/plugins/com.st.stm32cube.ide.mcu.externaltools.gnu-tools-for-stm32.10.3-2021.10.win32_1.0.0.202111181127/tools/bin/../lib/gcc/arm-none-eabi/10.3.1/thumb/v7-m/nofp/crtbegin.o

.ARM.extab      0x0000000008002ea0        0x0
                0x0000000008002ea0                . = ALIGN (0x4)
 *(.ARM.extab* .gnu.linkonce.armextab.*)
                0x0000000008002ea0                . = ALIGN (0x4)

.ARM            0x0000000008002ea0        0x0
                0x0000000008002ea0                . = ALIGN (0x4)
                0x0000000008002ea0                __exidx_start = .
 *(.ARM.exidx*)
                0x0000000008002ea0                __exidx_end = .
                0x0000000008002ea0                . = ALIGN (0x4)

.preinit_array  0x0000000008002ea0        0x0
                0x0000000008002ea0                . = ALIGN (0x4)
                0x0000000008002ea0                PROVIDE (__preinit_array_start = .)
 *(.preinit_array*)
                0x0000000008002ea0                PROVIDE (__preinit_array_end = .)
                0x0000000008002ea0                . = ALIGN (0x4)

.init_array     0x0000000008002ea0        0x4
                0x0000000008002ea0                . = ALIGN (0x4)
                0x0000000008002ea0                PROVIDE (__init_array_start = .)
 *(SORT_BY_NAME(.init_array.*))
 *(.init_array*)
 .init_array    0x0000000008002ea0        0x4 d:/stm32cubeide_1.7.0/stm32cubeide/plugins/com.st.stm32cube.ide.mcu.externaltools.gnu-tools-for-stm32.10.3-2021.10.win32_1.0.0.202111181127/tools/bin/../lib/gcc/arm-none-eabi/10.3.1/thumb/v7-m/nofp/crtbegin.o
                0x0000000008002ea4                PROVIDE (__init_array_end = .)
                0x0000000008002ea4                . = ALIGN (0x4)

.fini_array     0x0000000008002ea4        0x4
                0x0000000008002ea4                . = ALIGN (0x4)
                [!provide]                        PROVIDE (__fini_array_start = .)
 *(SORT_BY_NAME(.fini_array.*))
 *(.fini_array*)
 .fini_array    0x0000000008002ea4        0x4 d:/stm32cubeide_1.7.0/stm32cubeide/plugins/com.st.stm32cube.ide.mcu.externaltools.gnu-tools-for-stm32.10.3-2021.10.win32_1.0.0.202111181127/tools/bin/../lib/gcc/arm-none-eabi/10.3.1/thumb/v7-m/nofp/crtbegin.o
                [!provide]                        PROVIDE (__fini_array_end = .)
                0x0000000008002ea8                . = ALIGN (0x4)
                0x0000000008002ea8                _sidata = LOADADDR (.data)

.data           0x0000000020000000       0x30 load address 0x0000000008002ea8
                0x0000000020000000                . = ALIGN (0x4)
                0x0000000020000000                _sdata = .
 *(.data)
 *(.data*)
 .data.timerForKeyPress
                0x0000000020000000       0x10 ./Core/Src/button.o
                0x0000000020000000                timerForKeyPress
 .data.status   0x0000000020000010        0x4 ./Core/Src/global.o
                0x0000000020000010                status
 .data.status1  0x0000000020000014        0x4 ./Core/Src/global.o
                0x0000000020000014                status1
 .data.red_init
                0x0000000020000018        0x4 ./Core/Src/global.o
                0x0000000020000018                red_init
 .data.green_init
                0x000000002000001c        0x4 ./Core/Src/global.o
                0x000000002000001c                green_init
 .data.yellow_init
                0x0000000020000020        0x4 ./Core/Src/global.o
                0x0000000020000020                yellow_init
 .data.SystemCoreClock
                0x0000000020000024        0x4 ./Core/Src/system_stm32f1xx.o
                0x0000000020000024                SystemCoreClock
 .data.uwTickPrio
                0x0000000020000028        0x4 ./Drivers/STM32F1xx_HAL_Driver/Src/stm32f1xx_hal.o
                0x0000000020000028                uwTickPrio
 .data.uwTickFreq
                0x000000002000002c        0x1 ./Drivers/STM32F1xx_HAL_Driver/Src/stm32f1xx_hal.o
                0x000000002000002c                uwTickFreq
 *(.RamFunc)
 *(.RamFunc*)
                0x0000000020000030                . = ALIGN (0x4)
 *fill*         0x000000002000002d        0x3 
                0x0000000020000030                _edata = .

.igot.plt       0x0000000020000030        0x0 load address 0x0000000008002ed8
 .igot.plt      0x0000000020000030        0x0 d:/stm32cubeide_1.7.0/stm32cubeide/plugins/com.st.stm32cube.ide.mcu.externaltools.gnu-tools-for-stm32.10.3-2021.10.win32_1.0.0.202111181127/tools/bin/../lib/gcc/arm-none-eabi/10.3.1/thumb/v7-m/nofp/crtbegin.o
                0x0000000020000030                . = ALIGN (0x4)

.bss            0x0000000020000030      0x128 load address 0x0000000008002ed8
                0x0000000020000030                _sbss = .
                0x0000000020000030                __bss_start__ = _sbss
 *(.bss)
 .bss           0x0000000020000030       0x1c d:/stm32cubeide_1.7.0/stm32cubeide/plugins/com.st.stm32cube.ide.mcu.externaltools.gnu-tools-for-stm32.10.3-2021.10.win32_1.0.0.202111181127/tools/bin/../lib/gcc/arm-none-eabi/10.3.1/thumb/v7-m/nofp/crtbegin.o
 *(.bss*)
 .bss.KeyBuffer1
                0x000000002000004c       0x10 ./Core/Src/button.o
                0x000000002000004c                KeyBuffer1
 .bss.KeyBuffer2
                0x000000002000005c       0x10 ./Core/Src/button.o
                0x000000002000005c                KeyBuffer2
 .bss.KeyBuffer3
                0x000000002000006c       0x10 ./Core/Src/button.o
                0x000000002000006c                KeyBuffer3
 .bss.KeyBuffer4
                0x000000002000007c       0x10 ./Core/Src/button.o
                0x000000002000007c                KeyBuffer4
 .bss.flagForButtons
                0x000000002000008c       0x10 ./Core/Src/button.o
                0x000000002000008c                flagForButtons
 .bss.flagForButtonsLongPressed
                0x000000002000009c       0x10 ./Core/Src/button.o
                0x000000002000009c                flagForButtonsLongPressed
 .bss.htim2     0x00000000200000ac       0x48 ./Core/Src/main.o
                0x00000000200000ac                htim2
 .bss.htim3     0x00000000200000f4       0x48 ./Core/Src/main.o
                0x00000000200000f4                htim3
 .bss.timer1_counter
                0x000000002000013c        0x4 ./Core/Src/software_timer.o
                0x000000002000013c                timer1_counter
 .bss.timer2_counter
                0x0000000020000140        0x4 ./Core/Src/software_timer.o
                0x0000000020000140                timer2_counter
 .bss.timer3_counter
                0x0000000020000144        0x4 ./Core/Src/software_timer.o
                0x0000000020000144                timer3_counter
 .bss.timer1_flag
                0x0000000020000148        0x4 ./Core/Src/software_timer.o
                0x0000000020000148                timer1_flag
 .bss.timer2_flag
                0x000000002000014c        0x4 ./Core/Src/software_timer.o
                0x000000002000014c                timer2_flag
 .bss.timer3_flag
                0x0000000020000150        0x4 ./Core/Src/software_timer.o
                0x0000000020000150                timer3_flag
 .bss.uwTick    0x0000000020000154        0x4 ./Drivers/STM32F1xx_HAL_Driver/Src/stm32f1xx_hal.o
                0x0000000020000154                uwTick
 *(COMMON)
                0x0000000020000158                . = ALIGN (0x4)
                0x0000000020000158                _ebss = .
                0x0000000020000158                __bss_end__ = _ebss

._user_heap_stack
                0x0000000020000158      0x600 load address 0x0000000008002ed8
                0x0000000020000158                . = ALIGN (0x8)
                [!provide]                        PROVIDE (end = .)
                0x0000000020000158                PROVIDE (_end = .)
                0x0000000020000358                . = (. + _Min_Heap_Size)
 *fill*         0x0000000020000158      0x200 
                0x0000000020000758                . = (. + _Min_Stack_Size)
 *fill*         0x0000000020000358      0x400 
                0x0000000020000758                . = ALIGN (0x8)

/DISCARD/
 libc.a(*)
 libm.a(*)
 libgcc.a(*)

.ARM.attributes
                0x0000000000000000       0x29
 *(.ARM.attributes)
 .ARM.attributes
                0x0000000000000000       0x1d d:/stm32cubeide_1.7.0/stm32cubeide/plugins/com.st.stm32cube.ide.mcu.externaltools.gnu-tools-for-stm32.10.3-2021.10.win32_1.0.0.202111181127/tools/bin/../lib/gcc/arm-none-eabi/10.3.1/thumb/v7-m/nofp/crti.o
 .ARM.attributes
                0x000000000000001d       0x2d d:/stm32cubeide_1.7.0/stm32cubeide/plugins/com.st.stm32cube.ide.mcu.externaltools.gnu-tools-for-stm32.10.3-2021.10.win32_1.0.0.202111181127/tools/bin/../lib/gcc/arm-none-eabi/10.3.1/thumb/v7-m/nofp/crtbegin.o
 .ARM.attributes
                0x000000000000004a       0x2d ./Core/Src/button.o
 .ARM.attributes
                0x0000000000000077       0x2d ./Core/Src/fsm_automatic.o
 .ARM.attributes
                0x00000000000000a4       0x2d ./Core/Src/fsm_manual.o
 .ARM.attributes
                0x00000000000000d1       0x2d ./Core/Src/global.o
 .ARM.attributes
                0x00000000000000fe       0x2d ./Core/Src/led_color.o
 .ARM.attributes
                0x000000000000012b       0x2d ./Core/Src/main.o
 .ARM.attributes
                0x0000000000000158       0x2d ./Core/Src/software_timer.o
 .ARM.attributes
                0x0000000000000185       0x2d ./Core/Src/stm32f1xx_hal_msp.o
 .ARM.attributes
                0x00000000000001b2       0x2d ./Core/Src/stm32f1xx_it.o
 .ARM.attributes
                0x00000000000001df       0x2d ./Core/Src/system_stm32f1xx.o
 .ARM.attributes
                0x000000000000020c       0x21 ./Core/Startup/startup_stm32f103rbtx.o
 .ARM.attributes
                0x000000000000022d       0x2d ./Drivers/STM32F1xx_HAL_Driver/Src/stm32f1xx_hal.o
 .ARM.attributes
                0x000000000000025a       0x2d ./Drivers/STM32F1xx_HAL_Driver/Src/stm32f1xx_hal_cortex.o
 .ARM.attributes
                0x0000000000000287       0x2d ./Drivers/STM32F1xx_HAL_Driver/Src/stm32f1xx_hal_gpio.o
 .ARM.attributes
                0x00000000000002b4       0x2d ./Drivers/STM32F1xx_HAL_Driver/Src/stm32f1xx_hal_rcc.o
 .ARM.attributes
                0x00000000000002e1       0x2d ./Drivers/STM32F1xx_HAL_Driver/Src/stm32f1xx_hal_tim.o
 .ARM.attributes
                0x000000000000030e       0x2d ./Drivers/STM32F1xx_HAL_Driver/Src/stm32f1xx_hal_tim_ex.o
 .ARM.attributes
                0x000000000000033b       0x2d d:/stm32cubeide_1.7.0/stm32cubeide/plugins/com.st.stm32cube.ide.mcu.externaltools.gnu-tools-for-stm32.10.3-2021.10.win32_1.0.0.202111181127/tools/bin/../lib/gcc/arm-none-eabi/10.3.1/../../../../arm-none-eabi/lib/thumb/v7-m/nofp\libc_nano.a(lib_a-init.o)
 .ARM.attributes
                0x0000000000000368       0x2d d:/stm32cubeide_1.7.0/stm32cubeide/plugins/com.st.stm32cube.ide.mcu.externaltools.gnu-tools-for-stm32.10.3-2021.10.win32_1.0.0.202111181127/tools/bin/../lib/gcc/arm-none-eabi/10.3.1/../../../../arm-none-eabi/lib/thumb/v7-m/nofp\libc_nano.a(lib_a-memset.o)
 .ARM.attributes
                0x0000000000000395       0x1d d:/stm32cubeide_1.7.0/stm32cubeide/plugins/com.st.stm32cube.ide.mcu.externaltools.gnu-tools-for-stm32.10.3-2021.10.win32_1.0.0.202111181127/tools/bin/../lib/gcc/arm-none-eabi/10.3.1/thumb/v7-m/nofp/crtn.o
OUTPUT(Assignment.elf elf32-littlearm)
LOAD linker stubs
LOAD d:/stm32cubeide_1.7.0/stm32cubeide/plugins/com.st.stm32cube.ide.mcu.externaltools.gnu-tools-for-stm32.10.3-2021.10.win32_1.0.0.202111181127/tools/bin/../lib/gcc/arm-none-eabi/10.3.1/../../../../arm-none-eabi/lib/thumb/v7-m/nofp\libc.a
LOAD d:/stm32cubeide_1.7.0/stm32cubeide/plugins/com.st.stm32cube.ide.mcu.externaltools.gnu-tools-for-stm32.10.3-2021.10.win32_1.0.0.202111181127/tools/bin/../lib/gcc/arm-none-eabi/10.3.1/../../../../arm-none-eabi/lib/thumb/v7-m/nofp\libm.a
LOAD d:/stm32cubeide_1.7.0/stm32cubeide/plugins/com.st.stm32cube.ide.mcu.externaltools.gnu-tools-for-stm32.10.3-2021.10.win32_1.0.0.202111181127/tools/bin/../lib/gcc/arm-none-eabi/10.3.1/thumb/v7-m/nofp\libgcc.a

.debug_info     0x0000000000000000     0x8b7f
 .debug_info    0x0000000000000000      0x2a5 ./Core/Src/button.o
 .debug_info    0x00000000000002a5      0x19d ./Core/Src/fsm_automatic.o
 .debug_info    0x0000000000000442      0x165 ./Core/Src/fsm_manual.o
 .debug_info    0x00000000000005a7      0x10b ./Core/Src/global.o
 .debug_info    0x00000000000006b2      0x20f ./Core/Src/led_color.o
 .debug_info    0x00000000000008c1      0xd97 ./Core/Src/main.o
 .debug_info    0x0000000000001658      0x135 ./Core/Src/software_timer.o
 .debug_info    0x000000000000178d      0xaef ./Core/Src/stm32f1xx_hal_msp.o
 .debug_info    0x000000000000227c      0x6ea ./Core/Src/stm32f1xx_it.o
 .debug_info    0x0000000000002966      0x23d ./Core/Src/system_stm32f1xx.o
 .debug_info    0x0000000000002ba3       0x22 ./Core/Startup/startup_stm32f103rbtx.o
 .debug_info    0x0000000000002bc5      0x734 ./Drivers/STM32F1xx_HAL_Driver/Src/stm32f1xx_hal.o
 .debug_info    0x00000000000032f9      0xb20 ./Drivers/STM32F1xx_HAL_Driver/Src/stm32f1xx_hal_cortex.o
 .debug_info    0x0000000000003e19      0x615 ./Drivers/STM32F1xx_HAL_Driver/Src/stm32f1xx_hal_gpio.o
 .debug_info    0x000000000000442e      0x860 ./Drivers/STM32F1xx_HAL_Driver/Src/stm32f1xx_hal_rcc.o
 .debug_info    0x0000000000004c8e     0x29de ./Drivers/STM32F1xx_HAL_Driver/Src/stm32f1xx_hal_tim.o
 .debug_info    0x000000000000766c     0x1513 ./Drivers/STM32F1xx_HAL_Driver/Src/stm32f1xx_hal_tim_ex.o

.debug_abbrev   0x0000000000000000     0x1a76
 .debug_abbrev  0x0000000000000000      0x195 ./Core/Src/button.o
 .debug_abbrev  0x0000000000000195       0xa3 ./Core/Src/fsm_automatic.o
 .debug_abbrev  0x0000000000000238       0x8b ./Core/Src/fsm_manual.o
 .debug_abbrev  0x00000000000002c3       0x4b ./Core/Src/global.o
 .debug_abbrev  0x000000000000030e      0x114 ./Core/Src/led_color.o
 .debug_abbrev  0x0000000000000422      0x2fb ./Core/Src/main.o
 .debug_abbrev  0x000000000000071d       0xb6 ./Core/Src/software_timer.o
 .debug_abbrev  0x00000000000007d3      0x1c5 ./Core/Src/stm32f1xx_hal_msp.o
 .debug_abbrev  0x0000000000000998      0x184 ./Core/Src/stm32f1xx_it.o
 .debug_abbrev  0x0000000000000b1c      0x13b ./Core/Src/system_stm32f1xx.o
 .debug_abbrev  0x0000000000000c57       0x12 ./Core/Startup/startup_stm32f103rbtx.o
 .debug_abbrev  0x0000000000000c69      0x1fb ./Drivers/STM32F1xx_HAL_Driver/Src/stm32f1xx_hal.o
 .debug_abbrev  0x0000000000000e64      0x2ed ./Drivers/STM32F1xx_HAL_Driver/Src/stm32f1xx_hal_cortex.o
 .debug_abbrev  0x0000000000001151      0x1bb ./Drivers/STM32F1xx_HAL_Driver/Src/stm32f1xx_hal_gpio.o
 .debug_abbrev  0x000000000000130c      0x2a8 ./Drivers/STM32F1xx_HAL_Driver/Src/stm32f1xx_hal_rcc.o
 .debug_abbrev  0x00000000000015b4      0x25d ./Drivers/STM32F1xx_HAL_Driver/Src/stm32f1xx_hal_tim.o
 .debug_abbrev  0x0000000000001811      0x265 ./Drivers/STM32F1xx_HAL_Driver/Src/stm32f1xx_hal_tim_ex.o

.debug_aranges  0x0000000000000000      0xa68
 .debug_aranges
                0x0000000000000000       0x30 ./Core/Src/button.o
 .debug_aranges
                0x0000000000000030       0x30 ./Core/Src/fsm_automatic.o
 .debug_aranges
                0x0000000000000060       0x38 ./Core/Src/fsm_manual.o
 .debug_aranges
                0x0000000000000098       0x18 ./Core/Src/global.o
 .debug_aranges
                0x00000000000000b0       0x30 ./Core/Src/led_color.o
 .debug_aranges
                0x00000000000000e0       0x60 ./Core/Src/main.o
 .debug_aranges
                0x0000000000000140       0x38 ./Core/Src/software_timer.o
 .debug_aranges
                0x0000000000000178       0x38 ./Core/Src/stm32f1xx_hal_msp.o
 .debug_aranges
                0x00000000000001b0       0x68 ./Core/Src/stm32f1xx_it.o
 .debug_aranges
                0x0000000000000218       0x28 ./Core/Src/system_stm32f1xx.o
 .debug_aranges
                0x0000000000000240       0x28 ./Core/Startup/startup_stm32f103rbtx.o
 .debug_aranges
                0x0000000000000268       0xe0 ./Drivers/STM32F1xx_HAL_Driver/Src/stm32f1xx_hal.o
 .debug_aranges
                0x0000000000000348      0x100 ./Drivers/STM32F1xx_HAL_Driver/Src/stm32f1xx_hal_cortex.o
 .debug_aranges
                0x0000000000000448       0x58 ./Drivers/STM32F1xx_HAL_Driver/Src/stm32f1xx_hal_gpio.o
 .debug_aranges
                0x00000000000004a0       0x90 ./Drivers/STM32F1xx_HAL_Driver/Src/stm32f1xx_hal_rcc.o
 .debug_aranges
                0x0000000000000530      0x3d0 ./Drivers/STM32F1xx_HAL_Driver/Src/stm32f1xx_hal_tim.o
 .debug_aranges
                0x0000000000000900      0x168 ./Drivers/STM32F1xx_HAL_Driver/Src/stm32f1xx_hal_tim_ex.o

.debug_ranges   0x0000000000000000      0x958
 .debug_ranges  0x0000000000000000       0x20 ./Core/Src/button.o
 .debug_ranges  0x0000000000000020       0x20 ./Core/Src/fsm_automatic.o
 .debug_ranges  0x0000000000000040       0x28 ./Core/Src/fsm_manual.o
 .debug_ranges  0x0000000000000068       0x20 ./Core/Src/led_color.o
 .debug_ranges  0x0000000000000088       0x50 ./Core/Src/main.o
 .debug_ranges  0x00000000000000d8       0x28 ./Core/Src/software_timer.o
 .debug_ranges  0x0000000000000100       0x28 ./Core/Src/stm32f1xx_hal_msp.o
 .debug_ranges  0x0000000000000128       0x58 ./Core/Src/stm32f1xx_it.o
 .debug_ranges  0x0000000000000180       0x18 ./Core/Src/system_stm32f1xx.o
 .debug_ranges  0x0000000000000198       0x20 ./Core/Startup/startup_stm32f103rbtx.o
 .debug_ranges  0x00000000000001b8       0xd0 ./Drivers/STM32F1xx_HAL_Driver/Src/stm32f1xx_hal.o
 .debug_ranges  0x0000000000000288       0xf0 ./Drivers/STM32F1xx_HAL_Driver/Src/stm32f1xx_hal_cortex.o
 .debug_ranges  0x0000000000000378       0x48 ./Drivers/STM32F1xx_HAL_Driver/Src/stm32f1xx_hal_gpio.o
 .debug_ranges  0x00000000000003c0       0x80 ./Drivers/STM32F1xx_HAL_Driver/Src/stm32f1xx_hal_rcc.o
 .debug_ranges  0x0000000000000440      0x3c0 ./Drivers/STM32F1xx_HAL_Driver/Src/stm32f1xx_hal_tim.o
 .debug_ranges  0x0000000000000800      0x158 ./Drivers/STM32F1xx_HAL_Driver/Src/stm32f1xx_hal_tim_ex.o

.debug_macro    0x0000000000000000    0x17050
 .debug_macro   0x0000000000000000      0x1b1 ./Core/Src/button.o
 .debug_macro   0x00000000000001b1      0xa6c ./Core/Src/button.o
 .debug_macro   0x0000000000000c1d      0x215 ./Core/Src/button.o
 .debug_macro   0x0000000000000e32       0x2e ./Core/Src/button.o
 .debug_macro   0x0000000000000e60       0x22 ./Core/Src/button.o
 .debug_macro   0x0000000000000e82       0x22 ./Core/Src/button.o
 .debug_macro   0x0000000000000ea4       0x8e ./Core/Src/button.o
 .debug_macro   0x0000000000000f32       0x51 ./Core/Src/button.o
 .debug_macro   0x0000000000000f83      0x103 ./Core/Src/button.o
 .debug_macro   0x0000000000001086       0x6a ./Core/Src/button.o
 .debug_macro   0x00000000000010f0      0x1df ./Core/Src/button.o
 .debug_macro   0x00000000000012cf       0x1c ./Core/Src/button.o
 .debug_macro   0x00000000000012eb       0x22 ./Core/Src/button.o
 .debug_macro   0x000000000000130d       0xbd ./Core/Src/button.o
 .debug_macro   0x00000000000013ca      0xd23 ./Core/Src/button.o
 .debug_macro   0x00000000000020ed     0xe09e ./Core/Src/button.o
 .debug_macro   0x000000000001018b       0x6d ./Core/Src/button.o
 .debug_macro   0x00000000000101f8     0x3468 ./Core/Src/button.o
 .debug_macro   0x0000000000013660      0x174 ./Core/Src/button.o
 .debug_macro   0x00000000000137d4       0x5c ./Core/Src/button.o
 .debug_macro   0x0000000000013830      0x5be ./Core/Src/button.o
 .debug_macro   0x0000000000013dee      0x289 ./Core/Src/button.o
 .debug_macro   0x0000000000014077      0x1cb ./Core/Src/button.o
 .debug_macro   0x0000000000014242      0x114 ./Core/Src/button.o
 .debug_macro   0x0000000000014356      0x1b2 ./Core/Src/button.o
 .debug_macro   0x0000000000014508       0x27 ./Core/Src/button.o
 .debug_macro   0x000000000001452f      0x136 ./Core/Src/button.o
 .debug_macro   0x0000000000014665      0x1bc ./Core/Src/button.o
 .debug_macro   0x0000000000014821       0x34 ./Core/Src/button.o
 .debug_macro   0x0000000000014855       0x3c ./Core/Src/button.o
 .debug_macro   0x0000000000014891       0x57 ./Core/Src/button.o
 .debug_macro   0x00000000000148e8       0x88 ./Core/Src/button.o
 .debug_macro   0x0000000000014970      0x241 ./Core/Src/button.o
 .debug_macro   0x0000000000014bb1      0x141 ./Core/Src/button.o
 .debug_macro   0x0000000000014cf2      0x8d1 ./Core/Src/button.o
 .debug_macro   0x00000000000155c3       0x83 ./Core/Src/button.o
 .debug_macro   0x0000000000015646       0x88 ./Core/Src/button.o
 .debug_macro   0x00000000000156ce       0x1c ./Core/Src/button.o
 .debug_macro   0x00000000000156ea      0x1ec ./Core/Src/fsm_automatic.o
 .debug_macro   0x00000000000158d6       0x7c ./Core/Src/fsm_automatic.o
 .debug_macro   0x0000000000015952      0x1e6 ./Core/Src/fsm_manual.o
 .debug_macro   0x0000000000015b38      0x1e2 ./Core/Src/global.o
 .debug_macro   0x0000000000015d1a      0x1e6 ./Core/Src/led_color.o
 .debug_macro   0x0000000000015f00      0x204 ./Core/Src/main.o
 .debug_macro   0x0000000000016104       0x21 ./Core/Src/software_timer.o
 .debug_macro   0x0000000000016125      0x1a8 ./Core/Src/stm32f1xx_hal_msp.o
 .debug_macro   0x00000000000162cd      0x1b2 ./Core/Src/stm32f1xx_it.o
 .debug_macro   0x000000000001647f      0x199 ./Core/Src/system_stm32f1xx.o
 .debug_macro   0x0000000000016618      0x1bd ./Drivers/STM32F1xx_HAL_Driver/Src/stm32f1xx_hal.o
 .debug_macro   0x00000000000167d5      0x199 ./Drivers/STM32F1xx_HAL_Driver/Src/stm32f1xx_hal_cortex.o
 .debug_macro   0x000000000001696e      0x204 ./Drivers/STM32F1xx_HAL_Driver/Src/stm32f1xx_hal_gpio.o
 .debug_macro   0x0000000000016b72      0x1ab ./Drivers/STM32F1xx_HAL_Driver/Src/stm32f1xx_hal_rcc.o
 .debug_macro   0x0000000000016d1d      0x19a ./Drivers/STM32F1xx_HAL_Driver/Src/stm32f1xx_hal_tim.o
 .debug_macro   0x0000000000016eb7      0x199 ./Drivers/STM32F1xx_HAL_Driver/Src/stm32f1xx_hal_tim_ex.o

.debug_line     0x0000000000000000     0xb809
 .debug_line    0x0000000000000000      0x736 ./Core/Src/button.o
 .debug_line    0x0000000000000736      0x773 ./Core/Src/fsm_automatic.o
 .debug_line    0x0000000000000ea9      0x7fa ./Core/Src/fsm_manual.o
 .debug_line    0x00000000000016a3      0x671 ./Core/Src/global.o
 .debug_line    0x0000000000001d14      0x6fc ./Core/Src/led_color.o
 .debug_line    0x0000000000002410      0x88e ./Core/Src/main.o
 .debug_line    0x0000000000002c9e       0xfe ./Core/Src/software_timer.o
 .debug_line    0x0000000000002d9c      0x6d1 ./Core/Src/stm32f1xx_hal_msp.o
 .debug_line    0x000000000000346d      0x724 ./Core/Src/stm32f1xx_it.o
 .debug_line    0x0000000000003b91      0x6c8 ./Core/Src/system_stm32f1xx.o
 .debug_line    0x0000000000004259       0x87 ./Core/Startup/startup_stm32f103rbtx.o
 .debug_line    0x00000000000042e0      0x8f5 ./Drivers/STM32F1xx_HAL_Driver/Src/stm32f1xx_hal.o
 .debug_line    0x0000000000004bd5      0xadd ./Drivers/STM32F1xx_HAL_Driver/Src/stm32f1xx_hal_cortex.o
 .debug_line    0x00000000000056b2      0x98c ./Drivers/STM32F1xx_HAL_Driver/Src/stm32f1xx_hal_gpio.o
 .debug_line    0x000000000000603e      0xd03 ./Drivers/STM32F1xx_HAL_Driver/Src/stm32f1xx_hal_rcc.o
 .debug_line    0x0000000000006d41     0x32ab ./Drivers/STM32F1xx_HAL_Driver/Src/stm32f1xx_hal_tim.o
 .debug_line    0x0000000000009fec     0x181d ./Drivers/STM32F1xx_HAL_Driver/Src/stm32f1xx_hal_tim_ex.o

.debug_str      0x0000000000000000    0x84365
 .debug_str     0x0000000000000000    0x815e9 ./Core/Src/button.o
                                      0x81916 (size before relaxing)
 .debug_str     0x00000000000815e9      0x230 ./Core/Src/fsm_automatic.o
                                      0x81a2c (size before relaxing)
 .debug_str     0x0000000000081819       0x52 ./Core/Src/fsm_manual.o
                                      0x819e4 (size before relaxing)
 .debug_str     0x000000000008186b       0x23 ./Core/Src/global.o
                                      0x81972 (size before relaxing)
 .debug_str     0x000000000008188e       0x43 ./Core/Src/led_color.o
                                      0x819ef (size before relaxing)
 .debug_str     0x00000000000818d1      0x87a ./Core/Src/main.o
                                      0x82344 (size before relaxing)
 .debug_str     0x000000000008214b       0x58 ./Core/Src/software_timer.o
                                       0x2d1a (size before relaxing)
 .debug_str     0x00000000000821a3      0x33a ./Core/Src/stm32f1xx_hal_msp.o
                                      0x820d4 (size before relaxing)
 .debug_str     0x00000000000824dd       0xec ./Core/Src/stm32f1xx_it.o
                                      0x81d57 (size before relaxing)
 .debug_str     0x00000000000825c9       0x88 ./Core/Src/system_stm32f1xx.o
                                      0x816db (size before relaxing)
 .debug_str     0x0000000000082651       0x36 ./Core/Startup/startup_stm32f103rbtx.o
                                         0x4e (size before relaxing)
 .debug_str     0x0000000000082687      0x384 ./Drivers/STM32F1xx_HAL_Driver/Src/stm32f1xx_hal.o
                                      0x81e0e (size before relaxing)
 .debug_str     0x0000000000082a0b      0x294 ./Drivers/STM32F1xx_HAL_Driver/Src/stm32f1xx_hal_cortex.o
                                      0x81d5a (size before relaxing)
 .debug_str     0x0000000000082c9f      0x2d2 ./Drivers/STM32F1xx_HAL_Driver/Src/stm32f1xx_hal_gpio.o
                                      0x81a61 (size before relaxing)
 .debug_str     0x0000000000082f71      0x229 ./Drivers/STM32F1xx_HAL_Driver/Src/stm32f1xx_hal_rcc.o
                                      0x81b0a (size before relaxing)
 .debug_str     0x000000000008319a      0xd38 ./Drivers/STM32F1xx_HAL_Driver/Src/stm32f1xx_hal_tim.o
                                      0x82af5 (size before relaxing)
 .debug_str     0x0000000000083ed2      0x493 ./Drivers/STM32F1xx_HAL_Driver/Src/stm32f1xx_hal_tim_ex.o
                                      0x82311 (size before relaxing)

.comment        0x0000000000000000       0x50
 .comment       0x0000000000000000       0x50 ./Core/Src/button.o
                                         0x51 (size before relaxing)
 .comment       0x0000000000000050       0x51 ./Core/Src/fsm_automatic.o
 .comment       0x0000000000000050       0x51 ./Core/Src/fsm_manual.o
 .comment       0x0000000000000050       0x51 ./Core/Src/global.o
 .comment       0x0000000000000050       0x51 ./Core/Src/led_color.o
 .comment       0x0000000000000050       0x51 ./Core/Src/main.o
 .comment       0x0000000000000050       0x51 ./Core/Src/software_timer.o
 .comment       0x0000000000000050       0x51 ./Core/Src/stm32f1xx_hal_msp.o
 .comment       0x0000000000000050       0x51 ./Core/Src/stm32f1xx_it.o
 .comment       0x0000000000000050       0x51 ./Core/Src/system_stm32f1xx.o
 .comment       0x0000000000000050       0x51 ./Drivers/STM32F1xx_HAL_Driver/Src/stm32f1xx_hal.o
 .comment       0x0000000000000050       0x51 ./Drivers/STM32F1xx_HAL_Driver/Src/stm32f1xx_hal_cortex.o
 .comment       0x0000000000000050       0x51 ./Drivers/STM32F1xx_HAL_Driver/Src/stm32f1xx_hal_gpio.o
 .comment       0x0000000000000050       0x51 ./Drivers/STM32F1xx_HAL_Driver/Src/stm32f1xx_hal_rcc.o
 .comment       0x0000000000000050       0x51 ./Drivers/STM32F1xx_HAL_Driver/Src/stm32f1xx_hal_tim.o
 .comment       0x0000000000000050       0x51 ./Drivers/STM32F1xx_HAL_Driver/Src/stm32f1xx_hal_tim_ex.o

.debug_frame    0x0000000000000000     0x28dc
 .debug_frame   0x0000000000000000       0x84 ./Core/Src/button.o
 .debug_frame   0x0000000000000084       0x64 ./Core/Src/fsm_automatic.o
 .debug_frame   0x00000000000000e8       0x80 ./Core/Src/fsm_manual.o
 .debug_frame   0x0000000000000168       0x7c ./Core/Src/led_color.o
 .debug_frame   0x00000000000001e4      0x134 ./Core/Src/main.o
 .debug_frame   0x0000000000000318       0xa8 ./Core/Src/software_timer.o
 .debug_frame   0x00000000000003c0       0xa4 ./Core/Src/stm32f1xx_hal_msp.o
 .debug_frame   0x0000000000000464      0x120 ./Core/Src/stm32f1xx_it.o
 .debug_frame   0x0000000000000584       0x58 ./Core/Src/system_stm32f1xx.o
 .debug_frame   0x00000000000005dc      0x334 ./Drivers/STM32F1xx_HAL_Driver/Src/stm32f1xx_hal.o
 .debug_frame   0x0000000000000910      0x428 ./Drivers/STM32F1xx_HAL_Driver/Src/stm32f1xx_hal_cortex.o
 .debug_frame   0x0000000000000d38      0x14c ./Drivers/STM32F1xx_HAL_Driver/Src/stm32f1xx_hal_gpio.o
 .debug_frame   0x0000000000000e84      0x21c ./Drivers/STM32F1xx_HAL_Driver/Src/stm32f1xx_hal_rcc.o
 .debug_frame   0x00000000000010a0     0x11b8 ./Drivers/STM32F1xx_HAL_Driver/Src/stm32f1xx_hal_tim.o
 .debug_frame   0x0000000000002258      0x638 ./Drivers/STM32F1xx_HAL_Driver/Src/stm32f1xx_hal_tim_ex.o
 .debug_frame   0x0000000000002890       0x2c d:/stm32cubeide_1.7.0/stm32cubeide/plugins/com.st.stm32cube.ide.mcu.externaltools.gnu-tools-for-stm32.10.3-2021.10.win32_1.0.0.202111181127/tools/bin/../lib/gcc/arm-none-eabi/10.3.1/../../../../arm-none-eabi/lib/thumb/v7-m/nofp\libc_nano.a(lib_a-init.o)
 .debug_frame   0x00000000000028bc       0x20 d:/stm32cubeide_1.7.0/stm32cubeide/plugins/com.st.stm32cube.ide.mcu.externaltools.gnu-tools-for-stm32.10.3-2021.10.win32_1.0.0.202111181127/tools/bin/../lib/gcc/arm-none-eabi/10.3.1/../../../../arm-none-eabi/lib/thumb/v7-m/nofp\libc_nano.a(lib_a-memset.o)
