../Core/Src/main.c:67:6:test_IO	8	static
../Core/Src/main.c:84:6:buzzer	4	static
../Core/Src/main.c:98:6:turn_off_buzzer	4	static
../Core/Src/main.c:108:5:main	8	static
../Core/Src/main.c:166:6:SystemClock_Config	72	static
../Core/Src/main.c:204:13:MX_TIM2_Init	32	static
../Core/Src/main.c:249:13:MX_TIM3_Init	64	static
../Core/Src/main.c:308:13:MX_GPIO_Init	32	static
../Core/Src/main.c:351:6:HAL_TIM_PeriodElapsedCallback	16	static
../Core/Src/main.c:361:6:Error_Handler	4	static,ignoring_inline_asm
