../Core/Src/main.c:70:6:test_IO	8	static
../Core/Src/main.c:87:6:buzzer	8	static
../Core/Src/main.c:101:6:turn_off_buzzer	4	static
../Core/Src/main.c:111:5:main	8	static
../Core/Src/main.c:170:6:SystemClock_Config	72	static
../Core/Src/main.c:208:13:MX_TIM2_Init	32	static
../Core/Src/main.c:253:13:MX_TIM3_Init	64	static
../Core/Src/main.c:312:13:MX_USART2_UART_Init	8	static
../Core/Src/main.c:345:13:MX_GPIO_Init	32	static
../Core/Src/main.c:388:6:HAL_TIM_PeriodElapsedCallback	16	static
../Core/Src/main.c:398:6:Error_Handler	4	static,ignoring_inline_asm
